Device set to use cpu
Device set to use cpu
--- STARTING DE-IDENTIFICATION TEST ---
/Library/Frameworks/Python.framework/Versions/3.12/lib/python3.12/site-packages/spacy_huggingface_pipelines/token_classification.py:129: UserWarning: Skipping annotation, {'entity_group': 'ID', 'score': 0.9995751, 'word': '56', 'start': 202, 'end': 204} is overlapping or can't be aligned for doc '
CASE METADATA

Patient Name: [[PERSON-01]]
Alias Used in Prior Records: [[PERSON-01]]
Date of Birth...'
  warnings.warn(
/Library/Frameworks/Python.framework/Versions/3.12/lib/python3.12/site-packages/spacy_huggingface_pipelines/token_classification.py:129: UserWarning: Skipping annotation, {'entity_group': 'ID', 'score': 0.9995926, 'word': '56', 'start': 202, 'end': 204} is overlapping or can't be aligned for doc '
CASE METADATA

Patient Name: [[PERSON-01]]
Alias Used in Prior Records: [[PERSON-01]]
Date of Birth...'
  warnings.warn(
/Library/Frameworks/Python.framework/Versions/3.12/lib/python3.12/site-packages/spacy_huggingface_pipelines/token_classification.py:129: UserWarning: Skipping annotation, {'entity_group': 'ID', 'score': 0.5325269, 'word': '56', 'start': 249, 'end': 251} is overlapping or can't be aligned for doc '{
  "clinical_data": {
    "summary": "\nCASE METADATA\n\nPatient Name: [[PERSON-01]]\nAlias Used in...'
  warnings.warn(
/Library/Frameworks/Python.framework/Versions/3.12/lib/python3.12/site-packages/spacy_huggingface_pipelines/token_classification.py:129: UserWarning: Skipping annotation, {'entity_group': 'DATE', 'score': 0.9953617, 'word': '/ 19 / 2025', 'start': 3746, 'end': 3754} is overlapping or can't be aligned for doc '{
  "clinical_data": {
    "summary": "\nCASE METADATA\n\nPatient Name: [[PERSON-01]]\nAlias Used in...'
  warnings.warn(
/Library/Frameworks/Python.framework/Versions/3.12/lib/python3.12/site-packages/spacy_huggingface_pipelines/token_classification.py:129: UserWarning: Skipping annotation, {'entity_group': 'DATE', 'score': 0.9964986, 'word': '/ 26 / 2025', 'start': 3758, 'end': 3766} is overlapping or can't be aligned for doc '{
  "clinical_data": {
    "summary": "\nCASE METADATA\n\nPatient Name: [[PERSON-01]]\nAlias Used in...'
  warnings.warn(
/Library/Frameworks/Python.framework/Versions/3.12/lib/python3.12/site-packages/spacy_huggingface_pipelines/token_classification.py:129: UserWarning: Skipping annotation, {'entity_group': 'DATE', 'score': 0.9973006, 'word': '/ 26 / 2025', 'start': 3770, 'end': 3778} is overlapping or can't be aligned for doc '{
  "clinical_data": {
    "summary": "\nCASE METADATA\n\nPatient Name: [[PERSON-01]]\nAlias Used in...'
  warnings.warn(
/Library/Frameworks/Python.framework/Versions/3.12/lib/python3.12/site-packages/spacy_huggingface_pipelines/token_classification.py:129: UserWarning: Skipping annotation, {'entity_group': 'HOSPITAL', 'score': 0.88055164, 'word': 'nhealth', 'start': 4210, 'end': 4217} is overlapping or can't be aligned for doc '{
  "clinical_data": {
    "summary": "\nCASE METADATA\n\nPatient Name: [[PERSON-01]]\nAlias Used in...'
  warnings.warn(
/Library/Frameworks/Python.framework/Versions/3.12/lib/python3.12/site-packages/spacy_huggingface_pipelines/token_classification.py:129: UserWarning: Skipping annotation, {'entity_group': 'DATE', 'score': 0.9864563, 'word': '/ 02 / 2025', 'start': 7704, 'end': 7712} is overlapping or can't be aligned for doc '{
  "clinical_data": {
    "summary": "\nCASE METADATA\n\nPatient Name: [[PERSON-01]]\nAlias Used in...'
  warnings.warn(
/Library/Frameworks/Python.framework/Versions/3.12/lib/python3.12/site-packages/spacy_huggingface_pipelines/token_classification.py:129: UserWarning: Skipping annotation, {'entity_group': 'DATE', 'score': 0.9881828, 'word': '/ 09 / 2025', 'start': 7716, 'end': 7724} is overlapping or can't be aligned for doc '{
  "clinical_data": {
    "summary": "\nCASE METADATA\n\nPatient Name: [[PERSON-01]]\nAlias Used in...'
  warnings.warn(
/Library/Frameworks/Python.framework/Versions/3.12/lib/python3.12/site-packages/spacy_huggingface_pipelines/token_classification.py:129: UserWarning: Skipping annotation, {'entity_group': 'DATE', 'score': 0.9897437, 'word': '/ 09 / 2025', 'start': 7728, 'end': 7736} is overlapping or can't be aligned for doc '{
  "clinical_data": {
    "summary": "\nCASE METADATA\n\nPatient Name: [[PERSON-01]]\nAlias Used in...'
  warnings.warn(

--- TOKEN MAP ---
[[ORGANIZATION-01]]: St. Mary’s Regional Medical Center
[[PERSON-01]]: John Michael Doe
[[PERSON-02]]: Dr. Michael Smith
[[PERSON-03]]: Jane Doe

--- DE-IDENTIFIED PAYLOAD (Sample) ---

CASE METADATA

Patient Name: [[PERSON-01]]
Alias Used in Prior Records: [[PERSON-01]]
Date of Birth: 03/31/1980
SSN: [[REDACTED]]
Medical Record Number (MRN): [[REDACTED]]
Case Number: BC-2[[REDACTED]]56
Health Plan ID: HP-[[REDACTED]]
Account Number: [[REDACTED]]
NPI (Attending): [[REDACTED]]

Address:
[[REDACTED]]
[[REDACTED]] [[REDACTED]]

Phone (Home): [[REDACTED]]
Phone (Mobile): [[REDACTED]]
Email: [[REDACTED]]

Secondary Email: [[REDACTED]]

Emergency Contact:
[[PERSON-03]] (Spouse)
Phone: [[REDACTED]]
Email: [[REDACTED]]

ADMISSION RECORD

[[PERSON-01]] was admitted to [[ORGANIZATION-01]] on 03/19/2025 under the care of [[PERSON-02]], MD (NPI: [[REDACTED]]).

[[PERSON-01]] presented with shortness of breath and chest tightness. [[PERSON-01]] reports worsening dyspnea for 3 days.

MRN [[REDACTED]] confirms prior visit in 2023 for hypertension.

Admission Date: 03/19/2025
Discharge Date: 03/26/2025

CHIEF COMPLAINT

“Shortness of breath and chest pressure.”

[[PERSON-01]] states...

--- CHECKING FOR LEAKS ---
SUCCESS: No known PHI leaks found in summary text.

--- DATE SHIFTS ---
FAILED: Date 03/20/2025 was not shifted.
