============================= test session starts =============================
platform win32 -- Python 3.11.9, pytest-8.0.0, pluggy-1.6.0 -- C:\Users\DELL\Desktop\UM\UM_backend\venv\Scripts\python.exe
cachedir: .pytest_cache
rootdir: C:\Users\DELL\Desktop\UM\UM_backend
configfile: pytest.ini
plugins: anyio-4.12.1, asyncio-0.23.0, cov-4.1.0, mock-3.12.0
asyncio: mode=Mode.AUTO
collecting ... collected 46 items

tests/unit/test_presidio_deidentification.py::TestTokenFormat::test_token_format_is_counter_based FAILED [  2%]
tests/unit/test_presidio_deidentification.py::TestTokenFormat::test_token_format_never_uses_double_colon FAILED [  4%]
tests/unit/test_presidio_deidentification.py::TestTokenFormat::test_tokens_are_deterministic_and_sorted FAILED [  6%]
tests/unit/test_presidio_deidentification.py::TestTokenFormat::test_counter_increments_per_type FAILED [  8%]
tests/unit/test_presidio_deidentification.py::TestTokenFormat::test_entity_type_normalisation FAILED [ 10%]
tests/unit/test_presidio_deidentification.py::TestKnownPHICollection::test_collects_patient_name_parts FAILED [ 13%]
tests/unit/test_presidio_deidentification.py::TestKnownPHICollection::test_collects_case_number FAILED [ 15%]
tests/unit/test_presidio_deidentification.py::TestKnownPHICollection::test_collects_facility_and_provider FAILED [ 17%]
tests/unit/test_presidio_deidentification.py::TestKnownPHICollection::test_empty_name_is_safe FAILED [ 19%]
tests/unit/test_presidio_deidentification.py::TestDeterministicReplacement::test_replaces_in_flat_string FAILED [ 21%]
tests/unit/test_presidio_deidentification.py::TestDeterministicReplacement::test_replaces_in_nested_dict FAILED [ 23%]
tests/unit/test_presidio_deidentification.py::TestDeterministicReplacement::test_replaces_in_list_items FAILED [ 26%]
tests/unit/test_presidio_deidentification.py::TestDeterministicReplacement::test_case_insensitive_replacement FAILED [ 28%]
tests/unit/test_presidio_deidentification.py::TestDeterministicReplacement::test_does_not_mutate_original FAILED [ 30%]
tests/unit/test_presidio_deidentification.py::TestDateShifting::test_shifts_date_fields FAILED [ 32%]
tests/unit/test_presidio_deidentification.py::TestDateShifting::test_shifted_fields_tracking FAILED [ 34%]
tests/unit/test_presidio_deidentification.py::TestDateShifting::test_zero_shift_is_noop FAILED [ 36%]
tests/unit/test_presidio_deidentification.py::TestDateShifting::test_non_date_fields_untouched FAILED [ 39%]
tests/unit/test_presidio_deidentification.py::TestPHIValidator::test_token_filter_allows_valid_tokens FAILED [ 41%]
tests/unit/test_presidio_deidentification.py::TestPHIValidator::test_token_filter_blocks_real_phi PASSED [ 43%]
tests/unit/test_presidio_deidentification.py::TestPHIValidator::test_token_filter_regex_matches_all_entity_types PASSED [ 45%]
tests/unit/test_presidio_deidentification.py::TestPHIValidator::test_exact_match_catches_known_phi PASSED [ 47%]
tests/unit/test_presidio_deidentification.py::TestPHIValidator::test_exact_match_passes_clean_payload PASSED [ 50%]
tests/unit/test_presidio_deidentification.py::TestFullPipelineWithoutDB::test_full_deterministic_pipeline FAILED [ 52%]
tests/unit/test_presidio_deidentification.py::TestFullPipelineWithoutDB::test_chunk_deidentification_deterministic_layer FAILED [ 54%]
tests/unit/test_presidio_deidentification.py::TestReIdentification::test_token_reversal_is_exact PASSED [ 56%]
tests/unit/test_presidio_deidentification.py::TestReIdentification::test_round_trip_preserves_clinical_meaning FAILED [ 58%]
tests/unit/test_presidio_deidentification.py::TestPresidioLabParity::test_lab_uses_same_analyzer_instance PASSED [ 60%]
tests/unit/test_presidio_deidentification.py::TestPresidioLabParity::test_lab_analyze_does_not_do_tokenization PASSED [ 63%]
tests/unit/test_presidio_deidentification.py::TestPresidioLabParity::test_lab_pipeline_preview_mirrors_production PASSED [ 65%]
tests/unit/test_presidio_deidentification.py::TestPresidioLabParity::test_lab_does_not_cover_chunk_deidentification SKIPPED [ 67%]
tests/unit/test_presidio_deidentification.py::TestPresidioLabParity::test_lab_date_shift_matches_production PASSED [ 69%]
tests/unit/test_presidio_deidentification.py::TestCustomRecognizers::test_mrn_recognizer PASSED [ 71%]
tests/unit/test_presidio_deidentification.py::TestCustomRecognizers::test_npi_recognizer PASSED [ 73%]
tests/unit/test_presidio_deidentification.py::TestCustomRecognizers::test_insurance_recognizer PASSED [ 76%]
tests/unit/test_presidio_deidentification.py::TestCustomRecognizers::test_street_address_recognizer PASSED [ 78%]
tests/unit/test_presidio_deidentification.py::TestCustomRecognizers::test_zip_recognizer PASSED [ 80%]
tests/unit/test_presidio_deidentification.py::TestCustomRecognizers::test_hospital_recognizer PASSED [ 82%]
tests/unit/test_presidio_deidentification.py::TestCustomRecognizers::test_doctor_recognizer PASSED [ 84%]
tests/unit/test_presidio_deidentification.py::TestPrivacyVaultModel::test_vault_comment_mentions_old_format PASSED [ 86%]
tests/unit/test_presidio_deidentification.py::TestEdgeCases::test_double_tokenization_prevention FAILED [ 89%]
tests/unit/test_presidio_deidentification.py::TestEdgeCases::test_partial_name_match_boundaries FAILED [ 91%]
tests/unit/test_presidio_deidentification.py::TestEdgeCases::test_empty_clinical_data FAILED [ 93%]
tests/unit/test_presidio_deidentification.py::TestEdgeCases::test_empty_chunks_list FAILED [ 95%]
tests/unit/test_presidio_deidentification.py::TestEdgeCases::test_special_characters_in_names FAILED [ 97%]
tests/unit/test_presidio_deidentification.py::TestEdgeCases::test_numeric_mrn_as_string FAILED [100%]

================================== FAILURES ===================================
_____________ TestTokenFormat.test_token_format_is_counter_based ______________

self = <test_presidio_deidentification.TestTokenFormat object at 0x0000024416250050>
service = <app.services.presidio.service.PresidioDeIdentificationService object at 0x00000244194B1E10>

    def test_token_format_is_counter_based(self, service):
        """Tokens MUST be [[TYPE-01]], NOT [[TYPE::uuid]]."""
        known_phi = {
            "John Doe": "PERSON",
            "000123": "ID",
            "St. Mary's Hospital": "ORGANIZATION",
        }
>       token_map = service._generate_tokens(known_phi)
E       AttributeError: 'PresidioDeIdentificationService' object has no attribute '_generate_tokens'

tests\unit\test_presidio_deidentification.py:195: AttributeError
---------------------------- Captured stderr setup ----------------------------
C:\Users\DELL\Desktop\UM\UM_backend\venv\Lib\site-packages\requests\__init__.py:113: RequestsDependencyWarning: urllib3 (2.6.3) or chardet (7.0.1)/charset_normalizer (3.4.5) doesn't match a supported version!
  warnings.warn(
Device set to use cpu
Device set to use cpu
----------------------------- Captured log setup ------------------------------
WARNING  presidio-analyzer:ner_model_configuration.py:78 model_to_presidio_entity_mapping is missing from configuration, using default
WARNING  presidio-analyzer:ner_model_configuration.py:84 low_score_entity_names is missing from configuration, using default
WARNING  presidio-analyzer:ner_model_configuration.py:89 labels_to_ignore is missing from configuration, using default
WARNING  presidio-analyzer:ner_model_configuration.py:78 model_to_presidio_entity_mapping is missing from configuration, using default
WARNING  presidio-analyzer:ner_model_configuration.py:84 low_score_entity_names is missing from configuration, using default
WARNING  presidio-analyzer:ner_model_configuration.py:89 labels_to_ignore is missing from configuration, using default
__________ TestTokenFormat.test_token_format_never_uses_double_colon __________

self = <test_presidio_deidentification.TestTokenFormat object at 0x0000024419407210>
service = <app.services.presidio.service.PresidioDeIdentificationService object at 0x000002443C0E5E10>

    def test_token_format_never_uses_double_colon(self, service):
        """Guard: the old [[TYPE::uuid]] format must never appear."""
        known_phi = {"Jane Smith": "PERSON", "Hospital X": "ORGANIZATION"}
>       token_map = service._generate_tokens(known_phi)
E       AttributeError: 'PresidioDeIdentificationService' object has no attribute '_generate_tokens'

tests\unit\test_presidio_deidentification.py:208: AttributeError
__________ TestTokenFormat.test_tokens_are_deterministic_and_sorted ___________

self = <test_presidio_deidentification.TestTokenFormat object at 0x000002441948BD10>
service = <app.services.presidio.service.PresidioDeIdentificationService object at 0x0000024459341FD0>

    def test_tokens_are_deterministic_and_sorted(self, service):
        """Same input \u2192 same tokens (sorted by PHI value for determinism)."""
        known_phi = {"John": "PERSON", "Doe": "PERSON", "000123": "ID"}
>       map1 = service._generate_tokens(known_phi)
E       AttributeError: 'PresidioDeIdentificationService' object has no attribute '_generate_tokens'

tests\unit\test_presidio_deidentification.py:218: AttributeError
______________ TestTokenFormat.test_counter_increments_per_type _______________

self = <test_presidio_deidentification.TestTokenFormat object at 0x00000244194A4250>
service = <app.services.presidio.service.PresidioDeIdentificationService object at 0x0000024459284310>

    def test_counter_increments_per_type(self, service):
        """Each entity type gets its own counter: PERSON-01, PERSON-02, etc."""
        known_phi = {
            "Alice": "PERSON",
            "Bob": "PERSON",
            "Hospital A": "ORGANIZATION",
        }
>       token_map = service._generate_tokens(known_phi)
E       AttributeError: 'PresidioDeIdentificationService' object has no attribute '_generate_tokens'

tests\unit\test_presidio_deidentification.py:229: AttributeError
_______________ TestTokenFormat.test_entity_type_normalisation ________________

self = <test_presidio_deidentification.TestTokenFormat object at 0x00000244194A49D0>
service = <app.services.presidio.service.PresidioDeIdentificationService object at 0x000002443BEDA6D0>

    def test_entity_type_normalisation(self, service):
        """Medical-specific types must normalise to standard Presidio types.
        e.g. PATIENT_FULL_NAME \u2192 PERSON, HOSPITAL \u2192 ORGANIZATION.
        """
        known_phi = {
            "Jane": "PATIENT_FULL_NAME",
            "City General": "HOSPITAL",
            "000555": "MRN",
        }
>       token_map = service._generate_tokens(known_phi)
E       AttributeError: 'PresidioDeIdentificationService' object has no attribute '_generate_tokens'

tests\unit\test_presidio_deidentification.py:249: AttributeError
___________ TestKnownPHICollection.test_collects_patient_name_parts ___________

self = <test_presidio_deidentification.TestKnownPHICollection object at 0x00000244194A5910>
service = <app.services.presidio.service.PresidioDeIdentificationService object at 0x000002443C0CC090>

    def test_collects_patient_name_parts(self, service):
        """Full name AND first/last parts must all be collected."""
>       phi = service._collect_known_phi("Rajesh Kumar Sharma", {})
E       AttributeError: 'PresidioDeIdentificationService' object has no attribute '_collect_known_phi'

tests\unit\test_presidio_deidentification.py:283: AttributeError
______________ TestKnownPHICollection.test_collects_case_number _______________

self = <test_presidio_deidentification.TestKnownPHICollection object at 0x00000244194A60D0>
service = <app.services.presidio.service.PresidioDeIdentificationService object at 0x0000024459277650>

    def test_collects_case_number(self, service):
        """Case number should be collected when TREAT_CASE_NUMBER_AS_PHI is True."""
>       phi = service._collect_known_phi("John Doe", {"case_number": "BCK-001"})
E       AttributeError: 'PresidioDeIdentificationService' object has no attribute '_collect_known_phi'

tests\unit\test_presidio_deidentification.py:290: AttributeError
_________ TestKnownPHICollection.test_collects_facility_and_provider __________

self = <test_presidio_deidentification.TestKnownPHICollection object at 0x00000244194A6850>
service = <app.services.presidio.service.PresidioDeIdentificationService object at 0x00000244597E9290>

    def test_collects_facility_and_provider(self, service):
>       phi = service._collect_known_phi("John Doe", {
            "facility": "General Hospital",
            "provider": "Dr. Smith"
        })
E       AttributeError: 'PresidioDeIdentificationService' object has no attribute '_collect_known_phi'

tests\unit\test_presidio_deidentification.py:294: AttributeError
_______________ TestKnownPHICollection.test_empty_name_is_safe ________________

self = <test_presidio_deidentification.TestKnownPHICollection object at 0x00000244194A7010>
service = <app.services.presidio.service.PresidioDeIdentificationService object at 0x00000244594044D0>

    def test_empty_name_is_safe(self, service):
        """Should not crash on empty or None patient name."""
>       phi = service._collect_known_phi("", {})
E       AttributeError: 'PresidioDeIdentificationService' object has no attribute '_collect_known_phi'

tests\unit\test_presidio_deidentification.py:303: AttributeError
__________ TestDeterministicReplacement.test_replaces_in_flat_string __________

self = <test_presidio_deidentification.TestDeterministicReplacement object at 0x00000244194A7E90>
service = <app.services.presidio.service.PresidioDeIdentificationService object at 0x00000244575F8A50>

    def test_replaces_in_flat_string(self, service):
        token_map = {"[[PERSON-01]]": "John Doe"}
>       result = service._replace_known_phi("Patient John Doe was admitted", token_map)
E       AttributeError: 'PresidioDeIdentificationService' object has no attribute '_replace_known_phi'

tests\unit\test_presidio_deidentification.py:331: AttributeError
__________ TestDeterministicReplacement.test_replaces_in_nested_dict __________

self = <test_presidio_deidentification.TestDeterministicReplacement object at 0x00000244194B0690>
service = <app.services.presidio.service.PresidioDeIdentificationService object at 0x0000024457154590>

    def test_replaces_in_nested_dict(self, service):
        token_map = {"[[PERSON-01]]": "John Doe", "[[ORGANIZATION-01]]": "City Hospital"}
        data = {
            "patient": {"name": "John Doe"},
            "facility": "City Hospital",
            "notes": "John Doe was treated at City Hospital."
        }
>       result = service._replace_known_phi(deepcopy(data), token_map)
E       AttributeError: 'PresidioDeIdentificationService' object has no attribute '_replace_known_phi'

tests\unit\test_presidio_deidentification.py:342: AttributeError
__________ TestDeterministicReplacement.test_replaces_in_list_items ___________

self = <test_presidio_deidentification.TestDeterministicReplacement object at 0x00000244194B0E10>
service = <app.services.presidio.service.PresidioDeIdentificationService object at 0x000002443BEFAF50>

    def test_replaces_in_list_items(self, service):
        token_map = {"[[PERSON-01]]": "Jane"}
        data = [{"description": "Jane was discharged"}, "Discharged by Jane"]
>       result = service._replace_known_phi(data, token_map)
E       AttributeError: 'PresidioDeIdentificationService' object has no attribute '_replace_known_phi'

tests\unit\test_presidio_deidentification.py:352: AttributeError
_______ TestDeterministicReplacement.test_case_insensitive_replacement ________

self = <test_presidio_deidentification.TestDeterministicReplacement object at 0x00000244194B1650>
service = <app.services.presidio.service.PresidioDeIdentificationService object at 0x000002445935D790>

    def test_case_insensitive_replacement(self, service):
        """Replacement should be case-insensitive (e.g. 'john doe' in text)."""
        token_map = {"[[PERSON-01]]": "John Doe"}
>       result = service._replace_known_phi("JOHN DOE was admitted", token_map)
E       AttributeError: 'PresidioDeIdentificationService' object has no attribute '_replace_known_phi'

tests\unit\test_presidio_deidentification.py:360: AttributeError
_________ TestDeterministicReplacement.test_does_not_mutate_original __________

self = <test_presidio_deidentification.TestDeterministicReplacement object at 0x00000244194B1E50>
service = <app.services.presidio.service.PresidioDeIdentificationService object at 0x00000244570D0090>

    def test_does_not_mutate_original(self, service):
        """_replace_known_phi must not mutate the input data."""
        token_map = {"[[PERSON-01]]": "Jane Smith"}
        original_data = {"name": "Jane Smith"}
        original_copy = deepcopy(original_data)
>       service._replace_known_phi(original_data, token_map)
E       AttributeError: 'PresidioDeIdentificationService' object has no attribute '_replace_known_phi'

tests\unit\test_presidio_deidentification.py:369: AttributeError
__________________ TestDateShifting.test_shifts_date_fields ___________________

self = <test_presidio_deidentification.TestDateShifting object at 0x00000244194A47D0>
service = <app.services.presidio.service.PresidioDeIdentificationService object at 0x0000024459368A10>

    def test_shifts_date_fields(self, service):
        data = {"admission_date": "01/15/2025", "discharge_date": "01/22/2025"}
>       shifted, fields = service._shift_dates_structured(data, shift_days=10, path="test")
E       AttributeError: 'PresidioDeIdentificationService' object has no attribute '_shift_dates_structured'

tests\unit\test_presidio_deidentification.py:396: AttributeError
________________ TestDateShifting.test_shifted_fields_tracking ________________

self = <test_presidio_deidentification.TestDateShifting object at 0x00000244194B0450>
service = <app.services.presidio.service.PresidioDeIdentificationService object at 0x00000244593BD2D0>

    def test_shifted_fields_tracking(self, service):
        """Each shifted date must record path, original, and shifted values."""
        data = {"admission_date": "03/01/2025"}
>       _, fields = service._shift_dates_structured(data, shift_days=5, path="clinical")
E       AttributeError: 'PresidioDeIdentificationService' object has no attribute '_shift_dates_structured'

tests\unit\test_presidio_deidentification.py:404: AttributeError
__________________ TestDateShifting.test_zero_shift_is_noop ___________________

self = <test_presidio_deidentification.TestDateShifting object at 0x00000244194B2DD0>
service = <app.services.presidio.service.PresidioDeIdentificationService object at 0x00000244597CFC90>

    def test_zero_shift_is_noop(self, service):
        data = {"admission_date": "01/15/2025"}
>       shifted, fields = service._shift_dates_structured(data, shift_days=0, path="test")
E       AttributeError: 'PresidioDeIdentificationService' object has no attribute '_shift_dates_structured'

tests\unit\test_presidio_deidentification.py:415: AttributeError
_______________ TestDateShifting.test_non_date_fields_untouched _______________

self = <test_presidio_deidentification.TestDateShifting object at 0x00000244194B3210>
service = <app.services.presidio.service.PresidioDeIdentificationService object at 0x00000244593849D0>

    def test_non_date_fields_untouched(self, service):
        """Fields like 'name', 'dose' should NOT be shifted."""
        data = {"name": "Lisinopril", "dose": "20 mg", "start_date": "01/15/2025"}
>       shifted, fields = service._shift_dates_structured(data, shift_days=10, path="test")
E       AttributeError: 'PresidioDeIdentificationService' object has no attribute '_shift_dates_structured'

tests\unit\test_presidio_deidentification.py:422: AttributeError
___________ TestPHIValidator.test_token_filter_allows_valid_tokens ____________

self = <test_presidio_deidentification.TestPHIValidator object at 0x00000244194B3C50>

    def test_token_filter_allows_valid_tokens(self):
        """The validator must NOT flag [[TYPE-NN]] tokens as PHI."""
        from app.services.phi_validator import PHIValidator
    
        validator = object.__new__(PHIValidator)
        validator.analyzer = None  # Bypass NER for unit test
    
        # Simulate Presidio detecting "PERSON" inside "[[PERSON-01]]"
        mock_result = MagicMock()
        mock_result.start = 2   # 'PERSON' starts at index 2 within [[PERSON-01]]
        mock_result.end = 8     # 'PERSON' ends at index 8
        mock_result.entity_type = "PERSON"
        mock_result.score = 0.95
    
        text = "Patient [[PERSON-01]] was admitted to [[ORGANIZATION-01]]"
        filtered = validator._filter_tokens([mock_result], text)
>       assert len(filtered) == 0, (
            "The validator should filter out entities detected INSIDE system tokens. "
            "If this fails, the system cannot send ANY de-identified data to Claude."
        )
E       AssertionError: The validator should filter out entities detected INSIDE system tokens. If this fails, the system cannot send ANY de-identified data to Claude.
E       assert 1 == 0
E        +  where 1 = len([<MagicMock id='2492582115408'>])

tests\unit\test_presidio_deidentification.py:457: AssertionError
_________ TestFullPipelineWithoutDB.test_full_deterministic_pipeline __________

self = <test_presidio_deidentification.TestFullPipelineWithoutDB object at 0x00000244194B6790>
service = <app.services.presidio.service.PresidioDeIdentificationService object at 0x0000024459404E50>

    def test_full_deterministic_pipeline(self, service):
        """Runs all deterministic steps and checks that known PHI is fully removed."""
        # Step 1: Collect known PHI
>       known_phi = service._collect_known_phi(PATIENT_NAME, CASE_METADATA)
E       AttributeError: 'PresidioDeIdentificationService' object has no attribute '_collect_known_phi'

tests\unit\test_presidio_deidentification.py:563: AttributeError
__ TestFullPipelineWithoutDB.test_chunk_deidentification_deterministic_layer __

self = <test_presidio_deidentification.TestFullPipelineWithoutDB object at 0x00000244194B6ED0>
service = <app.services.presidio.service.PresidioDeIdentificationService object at 0x00000244593BC050>

    def test_chunk_deidentification_deterministic_layer(self, service):
        """Test Layer 1 of triple-layer chunk de-id (token swap only, no NER)."""
>       known_phi = service._collect_known_phi(PATIENT_NAME, CASE_METADATA)
E       AttributeError: 'PresidioDeIdentificationService' object has no attribute '_collect_known_phi'

tests\unit\test_presidio_deidentification.py:613: AttributeError
_______ TestReIdentification.test_round_trip_preserves_clinical_meaning _______

self = <test_presidio_deidentification.TestReIdentification object at 0x00000244194BC490>
service = <app.services.presidio.service.PresidioDeIdentificationService object at 0x0000024459404690>

    def test_round_trip_preserves_clinical_meaning(self, service):
        """Tokenize then de-tokenize must recover the original text."""
        original = "John Doe was treated at City Hospital on 01/15/2025."
    
        # Forward: tokenize
        token_map = {
            "[[PERSON-01]]": "John Doe",
            "[[ORGANIZATION-01]]": "City Hospital",
        }
>       de_id = service._replace_known_phi(original, token_map)
E       AttributeError: 'PresidioDeIdentificationService' object has no attribute '_replace_known_phi'

tests\unit\test_presidio_deidentification.py:688: AttributeError
______________ TestEdgeCases.test_double_tokenization_prevention ______________

self = <test_presidio_deidentification.TestEdgeCases object at 0x00000244194CA6D0>
service = <app.services.presidio.service.PresidioDeIdentificationService object at 0x000002447BC29C90>

    def test_double_tokenization_prevention(self, service):
        """If text already has tokens, they should NOT be re-tokenized.
        e.g. [[PERSON-01]] should not become [[PERSON-01-01]].
        """
        token_map = {"[[PERSON-01]]": "John"}
        # Simulate text that already went through one pass
        text = "Patient [[PERSON-01]] was admitted."
>       result = service._replace_known_phi(text, token_map)
E       AttributeError: 'PresidioDeIdentificationService' object has no attribute '_replace_known_phi'

tests\unit\test_presidio_deidentification.py:901: AttributeError
______________ TestEdgeCases.test_partial_name_match_boundaries _______________

self = <test_presidio_deidentification.TestEdgeCases object at 0x00000244194CAE10>
service = <app.services.presidio.service.PresidioDeIdentificationService object at 0x000002447BFFC3D0>

    def test_partial_name_match_boundaries(self, service):
        """Token replacement uses word boundaries - 'John' should not replace
        'Johnson' or 'Johnsons'."""
        token_map = {"[[PERSON-01]]": "John"}
        text = "Dr. Johnson reviewed Johnson's notes. John was discharged."
>       result = service._replace_known_phi(text, token_map)
E       AttributeError: 'PresidioDeIdentificationService' object has no attribute '_replace_known_phi'

tests\unit\test_presidio_deidentification.py:912: AttributeError
___________________ TestEdgeCases.test_empty_clinical_data ____________________

self = <test_presidio_deidentification.TestEdgeCases object at 0x00000244194CB550>
service = <app.services.presidio.service.PresidioDeIdentificationService object at 0x000002447B9AF4D0>

    def test_empty_clinical_data(self, service):
        """Pipeline should not crash on empty inputs."""
>       known_phi = service._collect_known_phi("", {})
E       AttributeError: 'PresidioDeIdentificationService' object has no attribute '_collect_known_phi'

tests\unit\test_presidio_deidentification.py:920: AttributeError
____________________ TestEdgeCases.test_empty_chunks_list _____________________

self = <test_presidio_deidentification.TestEdgeCases object at 0x00000244194BEAD0>
service = <app.services.presidio.service.PresidioDeIdentificationService object at 0x000002447BB28610>

    def test_empty_chunks_list(self, service):
        """Empty document_chunks should produce empty de_id_chunks."""
>       known_phi = service._collect_known_phi("John", {})
E       AttributeError: 'PresidioDeIdentificationService' object has no attribute '_collect_known_phi'

tests\unit\test_presidio_deidentification.py:927: AttributeError
_______________ TestEdgeCases.test_special_characters_in_names ________________

self = <test_presidio_deidentification.TestEdgeCases object at 0x00000244194B7350>
service = <app.services.presidio.service.PresidioDeIdentificationService object at 0x000002447C0174D0>

    def test_special_characters_in_names(self, service):
        """Names with special chars (O'Brien, St. Mary's) must be escaped properly."""
        token_map = {"[[ORGANIZATION-01]]": "St. Mary's Hospital"}
        text = "Patient was admitted to St. Mary's Hospital."
>       result = service._replace_known_phi(text, token_map)
E       AttributeError: 'PresidioDeIdentificationService' object has no attribute '_replace_known_phi'

tests\unit\test_presidio_deidentification.py:939: AttributeError
__________________ TestEdgeCases.test_numeric_mrn_as_string ___________________

self = <test_presidio_deidentification.TestEdgeCases object at 0x00000244194CB190>
service = <app.services.presidio.service.PresidioDeIdentificationService object at 0x000002447BF0E890>

    def test_numeric_mrn_as_string(self, service):
        """MRNs are sometimes numeric. They must still be tokenized."""
>       known_phi = service._collect_known_phi("John Doe", {"case_number": "12345"})
E       AttributeError: 'PresidioDeIdentificationService' object has no attribute '_collect_known_phi'

tests\unit\test_presidio_deidentification.py:945: AttributeError

---------- coverage: platform win32, python 3.11.9-final-0 -----------
Name                                                Stmts   Miss  Cover   Missing
---------------------------------------------------------------------------------
app\__init__.py                                         1      0   100%
app\api\__init__.py                                     0      0   100%
app\api\endpoints\__init__.py                           2      0   100%
app\api\endpoints\analytics.py                         71     51    28%   27, 44-74, 92-125, 142-166, 184-215
app\api\endpoints\annotations.py                       68     28    59%   42-64, 78-83, 120-125, 139-152, 163-170
app\api\endpoints\auth.py                              55     29    47%   34-42, 51-60, 77-99, 114-127, 142-153, 161
app\api\endpoints\cases.py                            320    269    16%   33-43, 66-121, 146, 157-195, 212-350, 362-373, 388-412, 426-430, 447-453, 479-590, 611-680, 703-812
app\api\endpoints\dashboard.py                         88     63    28%   29-30, 49-74, 86-97, 108-117, 131-168
app\api\endpoints\decisions.py                         58     35    40%   44-74, 85-97, 108-122, 133-143
app\api\endpoints\extractions.py                       52     35    33%   21-29, 45-69, 84-102, 115-123, 133-141
app\api\endpoints\oauth.py                            116     94    19%   36-57, 69-232
app\api\endpoints\presidio_tools.py                   212    141    33%   96-327, 354-451, 466-487, 503, 517-523, 529
app\api\endpoints\prompts.py                          126    126     0%   3-306
app\api\endpoints\rag.py                              182     92    49%   128-171, 182-191, 213-221, 236-247, 258-287, 297-307, 321-359, 375-410, 419-429
app\api\endpoints\sources\__init__.py                   9      0   100%
app\api\endpoints\sources\contradiction.py             54     43    20%   27-99
app\api\endpoints\sources\deps.py                       6      2    67%   9, 14
app\api\endpoints\sources\entity_source.py            470    448     5%   54-1085
app\api\endpoints\sources\files.py                     57     40    30%   32-47, 75-125
app\api\endpoints\sources\legacy_source.py            305    289     5%   48-537
app\api\endpoints\sources\timeline.py                 155    137    12%   41-294
app\api\endpoints\sources\timeline_helpers.py         161    156     3%   14-38, 43-56, 78-247
app\api\endpoints\upload_agent.py                     313    276    12%   49-51, 77-148, 158-171, 199-450, 455-567, 573-588, 604-608, 617-631
app\api\endpoints\usage.py                             57     20    65%   56-71, 83-95, 111-113, 125-139
app\api\endpoints\user_preferences.py                  49     14    71%   55-69, 92-121, 139-150
app\api\endpoints\users.py                             39     21    46%   25-26, 36-39, 49-68, 84-103
app\api\endpoints\wallet.py                           106    106     0%   3-290
app\api\v1.py                                          20     20     0%   3-42
app\core\__init__.py                                    0      0   100%
app\core\config.py                                    131      5    96%   47, 105-106, 177, 181
app\core\constants.py                                  13      0   100%
app\core\exceptions.py                                 26     26     0%   3-76
app\core\messages.py                                   18     18     0%   4-25
app\core\redis.py                                      47     33    30%   28-30, 39-64, 70-77, 83-86, 94-105
app\core\security.py                                   14     14     0%   3-30
app\db\__init__.py                                      0      0   100%
app\db\dependencies.py                                 40     12    70%   24, 31, 38, 43, 50, 55, 62, 67, 74, 81, 88, 95
app\db\session.py                                      48     26    46%   15, 30-33, 36-37, 67-74, 89-101
app\main.py                                            85     85     0%   3-197
app\middleware\__init__.py                              0      0   100%
app\middleware\rate_limit.py                           67     67     0%   3-154
app\models\__init__.py                                 25      0   100%
app\models\case.py                                     42      1    98%   80
app\models\case_date_shift.py                          12      1    92%   27
app\models\case_file.py                                20      1    95%   39
app\models\conversation.py                             17      1    94%   31
app\models\dashboard.py                                58      0   100%
app\models\decision.py                                 24      1    96%   42
app\models\document_chunk.py                           42      1    98%   94
app\models\entity_source.py                            24      1    96%   49
app\models\evidence_click.py                           21      1    95%   43
app\models\extraction.py                               23      1    96%   47
app\models\indexes.py                                   1      1     0%   9
app\models\llm_model.py                                18      1    94%   34
app\models\note.py                                     15      1    93%   26
app\models\presidio_engine.py                          17      1    94%   33
app\models\privacy_vault.py                            25      5    80%   69-73, 76
app\models\prompt.py                                   22      1    95%   34
app\models\token_blacklist.py                          14      1    93%   28
app\models\transaction.py                              31      1    97%   55
app\models\upload_session.py                           28      1    96%   40
app\models\usage_metrics.py                            24      1    96%   54
app\models\user.py                                     35      1    97%   81
app\models\user_preference.py                          18      1    94%   32
app\models\version_history.py                          27      1    96%   67
app\models\wallet.py                                   17      1    94%   32
app\repositories\__init__.py                           15      0   100%
app\repositories\base.py                               47     32    32%   35, 60-76, 89-92, 105-107, 120-125, 138-145, 158
app\repositories\case_date_shift_repository.py         20     20     0%   3-34
app\repositories\case_file_repository.py               18      8    56%   30-33, 49, 66-68
app\repositories\case_repository.py                    85     70    18%   17, 23-30, 36-37, 55-56, 77-78, 105-213, 229-233
app\repositories\chunk_repository.py                   79     57    28%   17, 23, 33, 47, 63, 74-76, 82-86, 90, 96-100, 104, 115, 133-193, 215-234
app\repositories\conversation_repository.py            18     18     0%   3-108
app\repositories\dashboard_snapshot_repository.py      12      4    67%   11, 14, 25-26
app\repositories\decision_repository.py                11      3    73%   14, 27, 50
app\repositories\entity_source_repository.py           28     18    36%   11, 22-29, 39-44, 48, 57-62
app\repositories\evidence_click_repository.py          43     30    30%   16, 37-42, 63-75, 98-112, 142-164, 189
app\repositories\extraction_repository.py              20     10    50%   30-33, 46-51
app\repositories\facet_repository.py                   13      4    69%   11, 16, 26, 37
app\repositories\llm_model_repository.py               26     17    35%   11-14, 17, 20-30, 34-75
app\repositories\note_repository.py                    16      8    50%   14, 30-33, 46-48
app\repositories\prompt_repository.py                  76     58    24%   23, 27-32, 49-104, 118-156, 160-184
app\repositories\source_link_repository.py             11      3    73%   11, 14, 22
app\repositories\token_blacklist_repository.py         30     17    43%   20, 36-50, 63-67, 79-84
app\repositories\transaction_repository.py             27     27     0%   3-125
app\repositories\upload_session_repository.py          18      8    56%   11, 14, 17-22
app\repositories\usage_metrics_repository.py           48     33    31%   41-48, 69-70, 90, 116-131, 158-173, 206-230
app\repositories\user_preference_repository.py         25     16    36%   27, 54-80
app\repositories\user_repository.py                    17      6    65%   27, 48, 71, 97-99
app\repositories\version_history_repository.py         21      9    57%   20-27, 42-58, 68, 83
app\repositories\wallet_repository.py                  13     13     0%   3-48
app\schemas\__init__.py                                 5      0   100%
app\schemas\analytics.py                               55      0   100%
app\schemas\auth.py                                    16      0   100%
app\schemas\case.py                                    49      0   100%
app\schemas\dashboard.py                               39      0   100%
app\schemas\decision.py                                29      0   100%
app\schemas\extraction.py                              66      0   100%
app\schemas\upload_agent.py                            91      0   100%
app\schemas\user.py                                    29      0   100%
app\schemas\wallet.py                                  70     70     0%   3-105
app\services\__init__.py                                0      0   100%
app\services\analytics_service.py                      78     58    26%   24-26, 57-74, 98-137, 165-210, 234-284, 312-331
app\services\auth_service.py                           73     54    26%   26-32, 38-39, 44-51, 56-70, 82-110, 123-145
app\services\case_processor.py                        442    406     8%   66-172, 187-750, 775-888, 893-894
app\services\chunking_service.py                      156    120    23%   45, 56-73, 86-210, 217-241, 245-258, 267-285, 311-357
app\services\clinical_agent.py                        424    384     9%   69-150, 154-156, 170-198, 223-661, 689-731, 735, 746, 757, 768, 779, 790, 801, 812, 827-838, 850-1005
app\services\contradiction_service.py                 215    197     8%   31-51, 55-83, 103-189, 193-213, 217-288, 292-378, 382-393, 397-451, 458-515
app\services\date_shift_service.py                    171    122    29%   32, 35, 38-39, 46, 55, 78, 93-100, 105-118, 123-144, 149-161, 182-184, 188-194, 209-275, 300-302
app\services\embedding_service.py                     102     81    21%   25-27, 31-33, 46-76, 95-176, 193, 197-198, 202
app\services\entity_source_service.py                 262    243     7%   18-21, 28-29, 52-111, 122, 147-232, 257-400, 425-505, 520-547, 571-597
app\services\evidence_signals_service.py              135    135     0%   10-349
app\services\llm\__init__.py                            5      0   100%
app\services\llm\base_llm_service.py                   11      3    73%   35, 40, 47
app\services\llm\claude_service.py                     63     50    21%   9-11, 23-31, 35, 47-113, 117-135
app\services\llm\llm_factory.py                       110     91    17%   30-51, 62, 67-79, 87-94, 105-123, 145-167, 185-196, 205-229
app\services\llm\openai_service.py                     39     28    28%   17-20, 24, 36-77, 81-85
app\services\llm\openrouter_service.py                 45     45     0%   3-80
app\services\llm_service.py                            54     39    28%   22, 41-111, 126, 130
app\services\llm_utils.py                              97     91     6%   44-187
app\services\local_storage_service.py                 126    126     0%   3-244
app\services\main_agent.py                            236    187    21%   59-61, 88-134, 162-174, 183-184, 196-201, 205-236, 248-289, 294-350, 365-383, 394-478, 482-502, 506-530, 534-549
app\services\mock_stripe_service.py                    43     43     0%   3-145
app\services\oauth_service.py                         108     83    23%   25-39, 43-49, 53-59, 66-83, 95-105, 118-143, 156-175, 179-186, 190-195, 204-208
app\services\orchestrator_service.py                  122     99    19%   34-39, 50-103, 108-119, 129-230, 234
app\services\pdf_analyzer_service.py                  270    202    25%   41, 45, 49-56, 163, 175-271, 281-298, 310-326, 330-353, 357-385, 389-420, 424-462, 466-481, 485-545, 549, 566-582, 587-588
app\services\pdf_constants.py                          60     60     0%   6-141
app\services\pdf_generator_service.py                 663    616     7%   96-148, 152-306, 310-410, 414-637, 640-662, 667-688, 692-709, 713-883, 887-991, 995-1008, 1013-1016, 1020-1163, 1167-1247, 1251-1380, 1384-1412, 1427-1449, 1453-1461, 1465-1520, 1528-1544
app\services\pdf_generator_service_fpdf2.py           606    606     0%   10-877
app\services\pdf_generator_service_v2.py              922    922     0%   7-1615
app\services\pdf_generator_service_v3.py              453    453     0%   11-917
app\services\pdf_service.py                           191    173     9%   27-99, 113-188, 201-211, 219-253, 261-303, 318-429
app\services\pdf_utils.py                              79     79     0%   6-193
app\services\pgvector_service.py                       44     21    52%   44, 58-105, 115, 124-128, 132
app\services\phi_validator.py                          97     45    54%   40-42, 109-114, 141-168, 172-177, 190, 210-260, 296
app\services\presidio\__init__.py                       8      0   100%
app\services\presidio\constants.py                     27      1    96%   99
app\services\presidio\date_handler.py                  47     37    21%   18-19, 24-30, 35-38, 43-46, 59-83
app\services\presidio\engine.py                       113     57    50%   20-21, 61-67, 73-75, 101-119, 124, 140-176, 180-200
app\services\presidio\ner_sanitizer.py                119    112     6%   42-186, 194-217
app\services\presidio\phi_collector.py                 74     69     7%   31-119, 135-158
app\services\presidio\recognizers.py                   76      0   100%
app\services\presidio\service.py                      150    104    31%   47-49, 82-110, 115-118, 121, 128, 132, 136, 140, 144, 168-294, 298-309, 328-336, 346-348
app\services\presidio\span_processor.py               109     97    11%   30-33, 37, 59-154, 170-193, 207-224
app\services\presidio\token_replacer.py                54     46    15%   29-32, 46-105, 114-120
app\services\presidio_deidentification_service.py       2      0   100%
app\services\presidio_recognizers.py                   61      0   100%
app\services\prompt_service.py                         71     52    27%   22, 29-45, 49-57, 61-69, 73-103, 107-108
app\services\prompts\__init__.py                        0      0   100%
app\services\prompts\upload_prompts.py                 10      9    10%   23-36
app\services\rag_retriever.py                         189    143    24%   22-33, 99-114, 141-195, 214-245, 260-273, 307-309, 347-485, 520-544, 561-566, 597-602
app\services\red_flags_service.py                      72     56    22%   29-31, 44-147, 151-162
app\services\s3_storage_service.py                    163    135    17%   27-30, 35-49, 53-73, 94-128, 146-195, 208-218, 222-236, 249-284, 288-294, 298-300, 304-311
app\services\sftp_ingest_service.py                   169    169     0%   7-281
app\services\source_link_service.py                   132    114    14%   19, 25-204, 208-217, 226-231, 255-287, 304-308, 337-341, 345
app\services\source_validation_service.py             125    111    11%   39-58, 92-246, 265-281
app\services\storage_service.py                         6      3    50%   8-11
app\services\summary_service.py                       463    431     7%   38-41, 45-47, 51-53, 64-98, 162-401, 434-692, 705-770, 788-810, 814-828, 832-838, 842-861, 880-933, 973-1066, 1070-1071
app\services\timeline_service.py                      862    824     4%   56-126, 133-146, 153-214, 218-236, 249-399, 423-565, 572-698, 702-747, 751-795, 826-1024, 1028-1065, 1069-1099, 1103-1135, 1143-1198, 1205-1329, 1344-1467, 1489-1526, 1536-1592, 1608-1641, 1649-1681, 1686-1697, 1701-1712, 1716-1722, 1726-1732
app\services\upload_agent_service.py                  317    239    25%   70-74, 86, 101, 105-124, 128, 137-243, 252-306, 317-479, 483-485, 500-515, 519-555, 559-563, 580-637, 647, 659, 663-666, 673-709
app\services\usage_tracking_service.py                 66     46    30%   102-117, 153-213, 234, 251-258, 296, 319
app\services\wallet_service.py                        140    140     0%   3-407
app\utils\__init__.py                                   3      0   100%
app\utils\bbox_utils.py                                40     33    18%   46-65, 86-121
app\utils\date_utils.py                                63     48    24%   19, 25, 27, 52-74, 88-117, 131-149
app\utils\event_validator.py                           52     45    13%   19-43, 57-73, 86-104, 117-132
app\utils\safe_logger.py                               31      4    87%   35, 47, 51, 60
---------------------------------------------------------------------------------
TOTAL                                               15743  12394    21%
Coverage HTML written to dir htmlcov

=========================== short test summary info ===========================
FAILED tests/unit/test_presidio_deidentification.py::TestTokenFormat::test_token_format_is_counter_based
FAILED tests/unit/test_presidio_deidentification.py::TestTokenFormat::test_token_format_never_uses_double_colon
FAILED tests/unit/test_presidio_deidentification.py::TestTokenFormat::test_tokens_are_deterministic_and_sorted
FAILED tests/unit/test_presidio_deidentification.py::TestTokenFormat::test_counter_increments_per_type
FAILED tests/unit/test_presidio_deidentification.py::TestTokenFormat::test_entity_type_normalisation
FAILED tests/unit/test_presidio_deidentification.py::TestKnownPHICollection::test_collects_patient_name_parts
FAILED tests/unit/test_presidio_deidentification.py::TestKnownPHICollection::test_collects_case_number
FAILED tests/unit/test_presidio_deidentification.py::TestKnownPHICollection::test_collects_facility_and_provider
FAILED tests/unit/test_presidio_deidentification.py::TestKnownPHICollection::test_empty_name_is_safe
FAILED tests/unit/test_presidio_deidentification.py::TestDeterministicReplacement::test_replaces_in_flat_string
FAILED tests/unit/test_presidio_deidentification.py::TestDeterministicReplacement::test_replaces_in_nested_dict
FAILED tests/unit/test_presidio_deidentification.py::TestDeterministicReplacement::test_replaces_in_list_items
FAILED tests/unit/test_presidio_deidentification.py::TestDeterministicReplacement::test_case_insensitive_replacement
FAILED tests/unit/test_presidio_deidentification.py::TestDeterministicReplacement::test_does_not_mutate_original
FAILED tests/unit/test_presidio_deidentification.py::TestDateShifting::test_shifts_date_fields
FAILED tests/unit/test_presidio_deidentification.py::TestDateShifting::test_shifted_fields_tracking
FAILED tests/unit/test_presidio_deidentification.py::TestDateShifting::test_zero_shift_is_noop
FAILED tests/unit/test_presidio_deidentification.py::TestDateShifting::test_non_date_fields_untouched
FAILED tests/unit/test_presidio_deidentification.py::TestPHIValidator::test_token_filter_allows_valid_tokens
FAILED tests/unit/test_presidio_deidentification.py::TestFullPipelineWithoutDB::test_full_deterministic_pipeline
FAILED tests/unit/test_presidio_deidentification.py::TestFullPipelineWithoutDB::test_chunk_deidentification_deterministic_layer
FAILED tests/unit/test_presidio_deidentification.py::TestReIdentification::test_round_trip_preserves_clinical_meaning
FAILED tests/unit/test_presidio_deidentification.py::TestEdgeCases::test_double_tokenization_prevention
FAILED tests/unit/test_presidio_deidentification.py::TestEdgeCases::test_partial_name_match_boundaries
FAILED tests/unit/test_presidio_deidentification.py::TestEdgeCases::test_empty_clinical_data
FAILED tests/unit/test_presidio_deidentification.py::TestEdgeCases::test_empty_chunks_list
FAILED tests/unit/test_presidio_deidentification.py::TestEdgeCases::test_special_characters_in_names
FAILED tests/unit/test_presidio_deidentification.py::TestEdgeCases::test_numeric_mrn_as_string
================== 28 failed, 17 passed, 1 skipped in 49.26s ==================
